// Jest Snapshot v1, https://goo.gl/fbAQLP

exports[`/spotify/login queries Spotify authorization API and saves tokens 1`] = `
Object {
  "spotify": Object {
    "access_token": "000_SPOTIFY_ACCESS_TOKEN",
    "expires_in": 3600,
    "refresh_token": "000_SPOTIFY_REFRESH_TOKEN",
    "scope": "user-follow-read user-library-read user-read-birthdate user-read-currently-playing user-read-email user-read-playback-state user-read-private user-read-recently-played user-top-read",
    "token_type": "Bearer",
  },
}
`;

exports[`/spotify/login redirects to authorization 1`] = `"https://accounts.spotify.com/authorize?response_type=code&scope=user-follow-read%20user-library-read%20user-read-birthdate%20user-read-currently-playing%20user-read-email%20user-read-playback-state%20user-read-private%20user-read-recently-played%20user-top-read&client_id=&redirect_uri=http%3A%2F%2Flocalhost%2Fspotify%2Flogin&showDialog="`;
